// Jest Snapshot v1, https://goo.gl/fbAQLP

exports[`ProductList Initial 1`] = `ShallowWrapper {}`;

exports[`ProductList initial 1`] = `ShallowWrapper {}`;
